2026-10-03 08:54:38 MoreMissions init
2026-10-03 08:54:38 Team swap publish is skipped when combat is null.
2026-10-03 08:54:38 Team swap patch installed.
2026-10-03 10:14:08 MoreMissions init
2026-10-03 10:14:08 Four-slot lance screen patch installed.
2026-10-03 10:14:08 Team swap publish is skipped when combat is null.
2026-10-03 10:14:08 Team swap patch installed.
2026-10-03 10:53:59 MoreMissions init
2026-10-03 10:53:59 Team swap publish is skipped when combat is null.
2026-10-03 10:53:59 Team swap patch installed.
2026-10-03 11:17:26 Employer or Hostile to All team was not found.
2026-10-03 11:17:26 Employer or Hostile to All team was not found.
2026-10-03 12:23:01 MoreMissions init
2026-10-03 12:23:01 Team swap publish is skipped when combat is null.
2026-10-03 12:23:01 Team swap patch installed.
2026-10-03 12:29:17 MoreMissions init
2026-10-03 12:29:17 Team swap publish is skipped when combat is null.
2026-10-03 12:29:17 Team swap patch installed.
2026-10-03 14:20:27 MoreMissions init
2026-10-03 14:20:27 Team swap publish is skipped when combat is null.
2026-10-03 14:20:27 Team swap patch installed.
2026-10-03 14:44:09 Team swap combat reference set.
2026-10-03 14:44:09 Former ally badge copied onto the hostile team.
2026-10-03 14:44:09 Team swap combat reference set.
2026-10-03 14:44:09 Former ally badge copied onto the hostile team.
2026-10-03 17:11:30 MoreMissions init
2026-10-03 17:11:30 Team swap publish is skipped when combat is null.
2026-10-03 17:11:30 Team swap patch installed.
2026-10-03 17:46:17 MoreMissions init
2026-10-03 17:46:17 Team swap publish is skipped when combat is null.
2026-10-03 17:46:17 Team swap patch installed.
2026-10-03 18:28:16 MoreMissions init
2026-10-03 18:28:16 Team swap publish is skipped when combat is null.
2026-10-03 18:28:16 Team swap patch installed.
2026-10-04 08:12:21 MoreMissions init
2026-10-04 08:12:22 Team swap publish is skipped when combat is null.
2026-10-04 08:12:22 Team swap patch installed.
2026-10-04 08:41:34 Team swap combat reference set.
2026-10-04 08:41:34 Former ally badge copied onto the hostile team.
2026-10-04 08:41:34 Team swap combat reference set.
2026-10-04 08:41:34 Former ally badge copied onto the hostile team.
2026-10-04 09:34:49 MoreMissions init
2026-10-04 09:34:49 Team swap publish is skipped when combat is null.
2026-10-04 09:34:49 Team swap patch installed.
2026-10-04 10:03:59 Team swap combat reference set.
2026-10-04 10:03:59 Former ally badge copied onto the hostile team.
2026-10-04 10:03:59 Team swap combat reference set.
2026-10-04 10:03:59 Former ally badge copied onto the hostile team.
2026-10-04 10:27:53 MoreMissions init
2026-10-04 10:27:53 Team swap publish is skipped when combat is null.
2026-10-04 10:27:53 Team swap patch installed.
